-- Hive Smoke Test
-- Tests sync_hive_table and basic read operations on various Hive table formats.
-- All tables use PARQUET (or TEXTFILE) to avoid Hive 3.0 ORC compatibility issues.
CREATE EXTENSION IF NOT EXISTS datalake_fdw;
CREATE EXTENSION IF NOT EXISTS hive_connector;
CREATE FOREIGN DATA WRAPPER datalake_fdw
    HANDLER datalake_fdw_handler
    VALIDATOR datalake_fdw_validator
    OPTIONS (mpp_execute 'all segments');
SELECT public.create_foreign_server('hive_server', 'gpadmin', 'datalake_fdw', 'paa_cluster');
 create_foreign_server 
-----------------------
 t
(1 row)

DROP SCHEMA IF EXISTS hive_smoke CASCADE;
NOTICE:  schema "hive_smoke" does not exist, skipping
CREATE SCHEMA hive_smoke;
SET datestyle = ISO, MDY;
-- Sync basic format tables (all PARQUET now)
SELECT public.sync_hive_table('hive_cluster','default','test_orc','paa_cluster', 'hive_smoke.test_orc', 'hive_server');
 sync_hive_table 
-----------------
 t
(1 row)

SELECT * FROM hive_smoke.test_orc ORDER BY id NULLS LAST, m;
 id | name | m 
----+------+---
  1 | test | 1
    | test | 2
(2 rows)

SELECT public.sync_hive_table('hive_cluster','default','test_parquet','paa_cluster', 'hive_smoke.test_parquet', 'hive_server');
 sync_hive_table 
-----------------
 t
(1 row)

SELECT * FROM hive_smoke.test_parquet ORDER BY id;
 id | name 
----+------
  1 | test
(1 row)

SELECT public.sync_hive_table('hive_cluster','default','test_text','paa_cluster', 'hive_smoke.test_text', 'hive_server');
 sync_hive_table 
-----------------
 t
(1 row)

SELECT * FROM hive_smoke.test_text ORDER BY id;
 id | name  
----+-------
  1 | 
  2 | hello
(2 rows)

SELECT public.sync_hive_table('hive_cluster','default','test_empty','paa_cluster', 'hive_smoke.test_empty', 'hive_server');
 sync_hive_table 
-----------------
 t
(1 row)

SELECT * FROM hive_smoke.test_empty;
 id 
----
(0 rows)

-- Sync multi-level partition table
SELECT public.sync_hive_table('hive_cluster','default','test_multi_partition','paa_cluster', 'hive_smoke.test_multi_partition', 'hive_server');
 sync_hive_table 
-----------------
 t
(1 row)

SELECT * FROM hive_smoke.test_multi_partition ORDER BY year, month, day;
 id | value | year | month | day 
----+-------+------+-------+-----
  1 | data1 | 2024 |     1 |   1
  2 | data2 | 2024 |     1 |   2
  3 | data3 | 2024 |    12 |  31
(3 rows)

SELECT * FROM hive_smoke.test_multi_partition WHERE year = 2024 AND month = 1 ORDER BY day;
 id | value | year | month | day 
----+-------+------+-------+-----
  1 | data1 | 2024 |     1 |   1
  2 | data2 | 2024 |     1 |   2
(2 rows)

-- Sync edge case: extreme values
SELECT public.sync_hive_table('hive_cluster','default','test_extreme','paa_cluster', 'hive_smoke.test_extreme', 'hive_server');
 sync_hive_table 
-----------------
 t
(1 row)

SELECT * FROM hive_smoke.test_extreme;
 tiny_min | tiny_max |   int_min   |  int_max   
----------+----------+-------------+------------
     -128 |      127 | -2147483648 | 2147483647
(1 row)

-- Sync edge case: empty string vs NULL
SELECT public.sync_hive_table('hive_cluster','default','test_empty_str','paa_cluster', 'hive_smoke.test_empty_str', 'hive_server');
 sync_hive_table 
-----------------
 t
(1 row)

SELECT id, empty_val IS NULL as empty_is_null, null_val IS NULL as null_is_null FROM hive_smoke.test_empty_str ORDER BY id;
 id | empty_is_null | null_is_null 
----+---------------+--------------
  1 | f             | t
  2 | t             | t
(2 rows)

-- Sync edge case: unicode (ASCII-safe values to avoid encoding issues)
SELECT public.sync_hive_table('hive_cluster','default','test_unicode','paa_cluster', 'hive_smoke.test_unicode', 'hive_server');
 sync_hive_table 
-----------------
 t
(1 row)

SELECT * FROM hive_smoke.test_unicode ORDER BY id;
 id |   val    
----+----------
  1 | ascii_ok
  2 | abc123
(2 rows)

-- Sync edge case: zero values
SELECT public.sync_hive_table('hive_cluster','default','test_zero','paa_cluster', 'hive_smoke.test_zero', 'hive_server');
 sync_hive_table 
-----------------
 t
(1 row)

SELECT * FROM hive_smoke.test_zero ORDER BY id;
 id | zero_int | zero_float 
----+----------+------------
  1 |        0 |          0
  2 |        0 |          0
(2 rows)

-- Sync edge case: decimal precision
SELECT public.sync_hive_table('hive_cluster','default','test_decimal','paa_cluster', 'hive_smoke.test_decimal', 'hive_server');
 sync_hive_table 
-----------------
 t
(1 row)

SELECT * FROM hive_smoke.test_decimal ORDER BY id;
 id |  dec1  |    dec2     
----+--------+-------------
  1 | 123.45 | 12345.67890
  2 |   0.01 |     0.00001
(2 rows)

-- Sync edge case: whitespace
SELECT public.sync_hive_table('hive_cluster','default','test_space','paa_cluster', 'hive_smoke.test_space', 'hive_server');
 sync_hive_table 
-----------------
 t
(1 row)

SELECT id, length(leading_val) as leading_len, length(trailing_val) as trailing_len FROM hive_smoke.test_space ORDER BY id;
 id | leading_len | trailing_len 
----+-------------+--------------
  1 |           7 |            7
(1 row)

-- Sync edge case: scientific notation
SELECT public.sync_hive_table('hive_cluster','default','test_scientific','paa_cluster', 'hive_smoke.test_scientific', 'hive_server');
 sync_hive_table 
-----------------
 t
(1 row)

SELECT * FROM hive_smoke.test_scientific ORDER BY id;
 id | small_val | large_val 
----+-----------+-----------
  1 |  1.23e-10 | 1.23e+100
(1 row)

-- Sync edge case: date time boundary
SELECT public.sync_hive_table('hive_cluster','default','test_datetime','paa_cluster', 'hive_smoke.test_datetime', 'hive_server');
 sync_hive_table 
-----------------
 t
(1 row)

SELECT * FROM hive_smoke.test_datetime ORDER BY id;
 id |  old_date  |         ts          
----+------------+---------------------
  1 | 1970-01-01 | 1970-01-01 00:00:00
(1 row)

-- Cleanup
DROP SCHEMA hive_smoke CASCADE;
NOTICE:  drop cascades to 13 other objects
DETAIL:  drop cascades to foreign table hive_smoke.test_orc
drop cascades to foreign table hive_smoke.test_parquet
drop cascades to foreign table hive_smoke.test_text
drop cascades to foreign table hive_smoke.test_empty
drop cascades to foreign table hive_smoke.test_multi_partition
drop cascades to foreign table hive_smoke.test_extreme
drop cascades to foreign table hive_smoke.test_empty_str
drop cascades to foreign table hive_smoke.test_unicode
drop cascades to foreign table hive_smoke.test_zero
drop cascades to foreign table hive_smoke.test_decimal
drop cascades to foreign table hive_smoke.test_space
drop cascades to foreign table hive_smoke.test_scientific
drop cascades to foreign table hive_smoke.test_datetime
