-- Test 03: Parquet Format Basic
-- Purpose: Test basic read/write with PARQUET format
-- Data: 10 rows (minimal)
-- Expected time: ~20s
-- Test 1: Write parquet data
DROP EXTERNAL TABLE IF EXISTS test_parquet_write;
NOTICE:  foreign table "test_parquet_write" does not exist, skipping
CREATE WRITABLE EXTERNAL TABLE test_parquet_write(
    id int,
    name varchar(50),
    col decimal(10,2),
    created_at timestamp
)
LOCATION('gphdfs://test/basic/parquet/write hdfs_cluster_name=paa_cluster')
FORMAT 'parquet';
NOTICE:  external table syntax will be deprecated in the future HashData version, please use foreign table instead.
INSERT INTO test_parquet_write
SELECT i, 'name_' || i, i * 2.5, NOW()
FROM generate_series(1, 10) i;
DROP EXTERNAL TABLE test_parquet_write;
-- Test 2: Read parquet data
DROP EXTERNAL TABLE IF EXISTS test_parquet_read;
NOTICE:  foreign table "test_parquet_read" does not exist, skipping
CREATE READABLE EXTERNAL TABLE test_parquet_read(
    id int,
    name varchar(50),
    col decimal(10,2),
    created_at timestamp
)
LOCATION('gphdfs://test/basic/parquet/write hdfs_cluster_name=paa_cluster')
FORMAT 'parquet';
NOTICE:  external table syntax will be deprecated in the future HashData version, please use foreign table instead.
SELECT COUNT(*) FROM test_parquet_read;
 count 
-------
    10
(1 row)

SELECT SUM(col) FROM test_parquet_read;
  sum   
--------
 137.50
(1 row)

SELECT MIN(id), MAX(id) FROM test_parquet_read;
 min | max 
-----+-----
   1 |  10
(1 row)

DROP EXTERNAL TABLE test_parquet_read;
