-- This test captures the non-vectorized plan shape for PAX dictionary encoding,
-- so force vectorization off regardless of the PGOPTIONS passed by the harness
-- (pax-test runs the schedule twice: once with vector.enable_vectorization off,
-- once with it on; both passes share this expected output).
set vector.enable_vectorization=off;
create table t_dict1(a int, b text) using pax with(storage_format=porc,compresstype=dict);
NOTICE:  Table doesn't have 'DISTRIBUTED BY' clause -- Using column named 'a' as the Apache Cloudberry data distribution key for this table.
HINT:  The 'DISTRIBUTED BY' clause determines the distribution of data. Make sure column(s) chosen are the optimal data distribution key to minimize skew.
insert into t_dict1 select 1, repeat('1b', 12345678) from generate_series(1,20)i;
explain select count(*) from t_dict1;
                                       QUERY PLAN                                       
----------------------------------------------------------------------------------------
 Vec Aggregate  (cost=0.00..431.00 rows=1 width=8)
   ->  Vec Gather Motion 3:1  (slice1; segments: 3)  (cost=0.00..431.00 rows=1 width=1)
         ->  Vec Seq Scan on t_dict1  (cost=0.00..431.00 rows=1 width=1)
 Optimizer: GPORCA
(4 rows)

select count(*) from t_dict1;
 count 
-------
    20
(1 row)

explain select count(b) from t_dict1;
                                       QUERY PLAN                                       
----------------------------------------------------------------------------------------
 Vec Aggregate  (cost=0.00..431.00 rows=1 width=8)
   ->  Vec Gather Motion 3:1  (slice1; segments: 3)  (cost=0.00..431.00 rows=1 width=8)
         ->  Vec Seq Scan on t_dict1  (cost=0.00..431.00 rows=1 width=8)
 Optimizer: GPORCA
(4 rows)

select count(b) from t_dict1;
 count 
-------
    20
(1 row)

drop table t_dict1;
create table t_dict1(a int, b text) using pax with(storage_format=porc_vec,compresstype=dict);
NOTICE:  Table doesn't have 'DISTRIBUTED BY' clause -- Using column named 'a' as the Apache Cloudberry data distribution key for this table.
HINT:  The 'DISTRIBUTED BY' clause determines the distribution of data. Make sure column(s) chosen are the optimal data distribution key to minimize skew.
insert into t_dict1 select 1, repeat('1b', 12345678) from generate_series(1,20)i;
explain select count(*) from t_dict1;
                                       QUERY PLAN                                       
----------------------------------------------------------------------------------------
 Vec Aggregate  (cost=0.00..431.00 rows=1 width=8)
   ->  Vec Gather Motion 3:1  (slice1; segments: 3)  (cost=0.00..431.00 rows=1 width=1)
         ->  Vec Seq Scan on t_dict1  (cost=0.00..431.00 rows=1 width=1)
 Optimizer: GPORCA
(4 rows)

select count(*) from t_dict1;
 count 
-------
    20
(1 row)

explain select count(b) from t_dict1;
                                       QUERY PLAN                                       
----------------------------------------------------------------------------------------
 Vec Aggregate  (cost=0.00..431.00 rows=1 width=8)
   ->  Vec Gather Motion 3:1  (slice1; segments: 3)  (cost=0.00..431.00 rows=1 width=8)
         ->  Vec Seq Scan on t_dict1  (cost=0.00..431.00 rows=1 width=8)
 Optimizer: GPORCA
(4 rows)

select count(b) from t_dict1;
 count 
-------
    20
(1 row)

drop table t_dict1;
