-- ============================================================================
-- Hash Join Spill-to-Disk Regression Test
-- Verifies that hash join produces correct results when build side exceeds
-- memory budget and data is spilled to disk.
-- Tests: various data types, join types, NULL handling, composite keys,
--        filters, aggregation correctness, and data skew.
-- ============================================================================
set vector.enable_vectorization = on;
set optimizer = on;
-- ============================================================================
-- Setup: create tables with various data types
-- ============================================================================
drop table if exists spill_build, spill_probe;
NOTICE:  table "spill_build" does not exist, skipping
NOTICE:  table "spill_probe" does not exist, skipping
create table spill_build (
    id          int,
    col_int2    smallint,
    col_int8    bigint,
    col_float4  real,
    col_float8  double precision,
    col_numeric numeric(12,2),
    col_text    text,
    col_varchar varchar(100),
    col_date    date,
    col_bool    boolean,
    col_pad     text
) with (appendonly=true, orientation=column) distributed by (id);
create table spill_probe (
    id          int,
    col_int2    smallint,
    col_int8    bigint,
    col_float4  real,
    col_float8  double precision,
    col_numeric numeric(12,2),
    col_text    text,
    col_varchar varchar(100),
    col_date    date,
    col_bool    boolean,
    col_pad     text
) with (appendonly=true, orientation=column) distributed by (id);
-- Build: 100K rows, wide rows to ensure spill at 1MB budget
insert into spill_build
select
    i,
    (i % 32767)::smallint,
    i::bigint * 100000,
    (i * 1.1)::real,
    (i * 2.2)::double precision,
    (i * 3.33)::numeric(12,2),
    'text_' || i,
    'varchar_' || (i % 1000),
    '2020-01-01'::date + (i % 365),
    (i % 2 = 0),
    repeat('B', 150)
from generate_series(1, 100000) i;
-- Probe: 50K rows, ids 1..50000 (partial overlap with build)
insert into spill_probe
select
    i,
    (i % 32767)::smallint,
    i::bigint * 100000,
    (i * 1.1)::real,
    (i * 2.2)::double precision,
    (i * 3.33)::numeric(12,2),
    'text_' || i,
    'varchar_' || (i % 1000),
    '2020-01-01'::date + (i % 365),
    (i % 2 = 0),
    repeat('P', 100)
from generate_series(1, 50000) i;
analyze spill_build;
analyze spill_probe;
-- ============================================================================
-- A: INNER JOIN on various key types
-- ============================================================================
-- A1: INT key
set vector.hashjoin_spill_memory_mb = 0;
select count(*) as cnt, sum(length(b.col_pad)) as chk from spill_build b join spill_probe p on b.id = p.id;
  cnt  |   chk   
-------+---------
 50000 | 7500000
(1 row)

set vector.hashjoin_spill_memory_mb = 1;
select count(*) as cnt, sum(length(b.col_pad)) as chk from spill_build b join spill_probe p on b.id = p.id;
  cnt  |   chk   
-------+---------
 50000 | 7500000
(1 row)

-- A2: BIGINT key
set vector.hashjoin_spill_memory_mb = 0;
select count(*) as cnt, sum(length(b.col_pad)) as chk from spill_build b join spill_probe p on b.col_int8 = p.col_int8;
  cnt  |   chk   
-------+---------
 50000 | 7500000
(1 row)

set vector.hashjoin_spill_memory_mb = 1;
select count(*) as cnt, sum(length(b.col_pad)) as chk from spill_build b join spill_probe p on b.col_int8 = p.col_int8;
  cnt  |   chk   
-------+---------
 50000 | 7500000
(1 row)

-- A3: TEXT key
set vector.hashjoin_spill_memory_mb = 0;
select count(*) as cnt, sum(length(b.col_pad)) as chk from spill_build b join spill_probe p on b.col_text = p.col_text;
  cnt  |   chk   
-------+---------
 50000 | 7500000
(1 row)

set vector.hashjoin_spill_memory_mb = 1;
select count(*) as cnt, sum(length(b.col_pad)) as chk from spill_build b join spill_probe p on b.col_text = p.col_text;
  cnt  |   chk   
-------+---------
 50000 | 7500000
(1 row)

-- A4: FLOAT8 key
set vector.hashjoin_spill_memory_mb = 0;
select count(*) as cnt, sum(length(b.col_pad)) as chk from spill_build b join spill_probe p on b.col_float8 = p.col_float8;
  cnt  |   chk   
-------+---------
 50000 | 7500000
(1 row)

set vector.hashjoin_spill_memory_mb = 1;
select count(*) as cnt, sum(length(b.col_pad)) as chk from spill_build b join spill_probe p on b.col_float8 = p.col_float8;
  cnt  |   chk   
-------+---------
 50000 | 7500000
(1 row)

-- A5: DATE key
set vector.hashjoin_spill_memory_mb = 0;
select count(*) as cnt, sum(length(b.col_pad)) as chk from spill_build b join spill_probe p on b.col_date = p.col_date;
   cnt    |    chk     
----------+------------
 13698635 | 2054795250
(1 row)

set vector.hashjoin_spill_memory_mb = 1;
select count(*) as cnt, sum(length(b.col_pad)) as chk from spill_build b join spill_probe p on b.col_date = p.col_date;
   cnt    |    chk     
----------+------------
 13698635 | 2054795250
(1 row)

-- A6: NUMERIC key
set vector.hashjoin_spill_memory_mb = 0;
select count(*) as cnt, sum(length(b.col_pad)) as chk from spill_build b join spill_probe p on b.col_numeric = p.col_numeric;
  cnt  |   chk   
-------+---------
 50000 | 7500000
(1 row)

set vector.hashjoin_spill_memory_mb = 1;
select count(*) as cnt, sum(length(b.col_pad)) as chk from spill_build b join spill_probe p on b.col_numeric = p.col_numeric;
  cnt  |   chk   
-------+---------
 50000 | 7500000
(1 row)

-- ============================================================================
-- B: Various join types on INT key
-- ============================================================================
-- B1: LEFT JOIN
set vector.hashjoin_spill_memory_mb = 0;
select count(*) as cnt, sum(length(b.col_pad)) as chk from spill_probe p left join spill_build b on p.id = b.id;
  cnt  |   chk   
-------+---------
 50000 | 7500000
(1 row)

set vector.hashjoin_spill_memory_mb = 1;
select count(*) as cnt, sum(length(b.col_pad)) as chk from spill_probe p left join spill_build b on p.id = b.id;
  cnt  |   chk   
-------+---------
 50000 | 7500000
(1 row)

-- B2: RIGHT JOIN
set vector.hashjoin_spill_memory_mb = 0;
select count(*) as cnt, sum(length(b.col_pad)) as chk from spill_probe p right join spill_build b on p.id = b.id;
  cnt   |   chk    
--------+----------
 100000 | 15000000
(1 row)

set vector.hashjoin_spill_memory_mb = 1;
select count(*) as cnt, sum(length(b.col_pad)) as chk from spill_probe p right join spill_build b on p.id = b.id;
  cnt   |   chk    
--------+----------
 100000 | 15000000
(1 row)

-- B3: FULL OUTER JOIN
set vector.hashjoin_spill_memory_mb = 0;
select count(*) as cnt, sum(length(b.col_pad)) as chk from spill_build b full outer join spill_probe p on b.id = p.id;
  cnt   |   chk    
--------+----------
 100000 | 15000000
(1 row)

set vector.hashjoin_spill_memory_mb = 1;
select count(*) as cnt, sum(length(b.col_pad)) as chk from spill_build b full outer join spill_probe p on b.id = p.id;
  cnt   |   chk    
--------+----------
 100000 | 15000000
(1 row)

-- B4: SEMI JOIN (EXISTS)
set vector.hashjoin_spill_memory_mb = 0;
select count(*) as cnt, sum(length(p.col_pad)) as chk from spill_probe p where exists (select 1 from spill_build b where b.id = p.id);
  cnt  |   chk   
-------+---------
 50000 | 5000000
(1 row)

set vector.hashjoin_spill_memory_mb = 1;
select count(*) as cnt, sum(length(p.col_pad)) as chk from spill_probe p where exists (select 1 from spill_build b where b.id = p.id);
  cnt  |   chk   
-------+---------
 50000 | 5000000
(1 row)

-- B5: ANTI JOIN (NOT EXISTS)
set vector.hashjoin_spill_memory_mb = 0;
select count(*) as cnt, sum(length(b.col_pad)) as chk from spill_build b where not exists (select 1 from spill_probe p where p.id = b.id);
  cnt  |   chk   
-------+---------
 50000 | 7500000
(1 row)

set vector.hashjoin_spill_memory_mb = 1;
select count(*) as cnt, sum(length(b.col_pad)) as chk from spill_build b where not exists (select 1 from spill_probe p where p.id = b.id);
  cnt  |   chk   
-------+---------
 50000 | 7500000
(1 row)

-- ============================================================================
-- C: Composite keys
-- ============================================================================
-- C1: (INT, TEXT)
set vector.hashjoin_spill_memory_mb = 0;
select count(*) as cnt, sum(length(b.col_pad)) as chk from spill_build b join spill_probe p on b.id = p.id and b.col_text = p.col_text;
  cnt  |   chk   
-------+---------
 50000 | 7500000
(1 row)

set vector.hashjoin_spill_memory_mb = 1;
select count(*) as cnt, sum(length(b.col_pad)) as chk from spill_build b join spill_probe p on b.id = p.id and b.col_text = p.col_text;
  cnt  |   chk   
-------+---------
 50000 | 7500000
(1 row)

-- C2: (BIGINT, DATE)
set vector.hashjoin_spill_memory_mb = 0;
select count(*) as cnt, sum(length(b.col_pad)) as chk from spill_build b join spill_probe p on b.col_int8 = p.col_int8 and b.col_date = p.col_date;
  cnt  |   chk   
-------+---------
 50000 | 7500000
(1 row)

set vector.hashjoin_spill_memory_mb = 1;
select count(*) as cnt, sum(length(b.col_pad)) as chk from spill_build b join spill_probe p on b.col_int8 = p.col_int8 and b.col_date = p.col_date;
  cnt  |   chk   
-------+---------
 50000 | 7500000
(1 row)

-- C3: LEFT JOIN on (INT, VARCHAR, BOOL)
set vector.hashjoin_spill_memory_mb = 0;
select count(*) as cnt, sum(length(b.col_pad)) as chk from spill_probe p left join spill_build b on b.id = p.id and b.col_varchar = p.col_varchar and b.col_bool = p.col_bool;
  cnt  |   chk   
-------+---------
 50000 | 7500000
(1 row)

set vector.hashjoin_spill_memory_mb = 1;
select count(*) as cnt, sum(length(b.col_pad)) as chk from spill_probe p left join spill_build b on b.id = p.id and b.col_varchar = p.col_varchar and b.col_bool = p.col_bool;
  cnt  |   chk   
-------+---------
 50000 | 7500000
(1 row)

-- ============================================================================
-- D: Join with WHERE filter
-- ============================================================================
-- D1: INNER JOIN + filter
set vector.hashjoin_spill_memory_mb = 0;
select count(*) as cnt, sum(length(b.col_pad)) as chk from spill_build b join spill_probe p on b.id = p.id where b.col_int2 > 10000;
  cnt  |   chk   
-------+---------
 29999 | 4499850
(1 row)

set vector.hashjoin_spill_memory_mb = 1;
select count(*) as cnt, sum(length(b.col_pad)) as chk from spill_build b join spill_probe p on b.id = p.id where b.col_int2 > 10000;
  cnt  |   chk   
-------+---------
 29999 | 4499850
(1 row)

-- D2: LEFT JOIN + filter on nullable side
set vector.hashjoin_spill_memory_mb = 0;
select count(*) as cnt, sum(length(b.col_pad)) as chk from spill_probe p left join spill_build b on b.id = p.id where b.col_float8 > 50000.0 or b.col_float8 is null;
  cnt  |   chk   
-------+---------
 27273 | 4090950
(1 row)

set vector.hashjoin_spill_memory_mb = 1;
select count(*) as cnt, sum(length(b.col_pad)) as chk from spill_probe p left join spill_build b on b.id = p.id where b.col_float8 > 50000.0 or b.col_float8 is null;
  cnt  |   chk   
-------+---------
 27273 | 4090950
(1 row)

-- ============================================================================
-- E: Aggregation correctness
-- ============================================================================
-- E1: SUM after INNER JOIN
set vector.hashjoin_spill_memory_mb = 0;
select sum(b.col_float8) as s, sum(length(b.col_pad)) as chk from spill_build b join spill_probe p on b.id = p.id;
     s      |   chk   
------------+---------
 2750055000 | 7500000
(1 row)

set vector.hashjoin_spill_memory_mb = 1;
select sum(b.col_float8) as s, sum(length(b.col_pad)) as chk from spill_build b join spill_probe p on b.id = p.id;
     s      |   chk   
------------+---------
 2750055000 | 7500000
(1 row)

-- E2: SUM + AVG after LEFT JOIN
set vector.hashjoin_spill_memory_mb = 0;
select sum(b.col_numeric) as s, avg(b.col_float4) as a, sum(length(b.col_pad)) as chk from spill_probe p left join spill_build b on b.id = p.id;
       s       |         a          |   chk   
---------------+--------------------+---------
 4162583250.00 | 27500.550000006857 | 7500000
(1 row)

set vector.hashjoin_spill_memory_mb = 1;
select sum(b.col_numeric) as s, avg(b.col_float4) as a, sum(length(b.col_pad)) as chk from spill_probe p left join spill_build b on b.id = p.id;
       s       |         a          |   chk   
---------------+--------------------+---------
 4162583250.00 | 27500.550000006857 | 7500000
(1 row)

-- ============================================================================
-- F: NULL key handling
-- ============================================================================
drop table if exists spill_build_null, spill_probe_null;
NOTICE:  table "spill_build_null" does not exist, skipping
NOTICE:  table "spill_probe_null" does not exist, skipping
create table spill_build_null (
    id   int,
    val  text,
    pad  text
) with (appendonly=true, orientation=column) distributed by (id);
create table spill_probe_null (
    id   int,
    val  text,
    pad  text
) with (appendonly=true, orientation=column) distributed by (id);
-- Build: 100K rows, 10% NULL keys
insert into spill_build_null
select
    case when i % 10 = 0 then null else i end,
    'bval_' || i,
    repeat('X', 150)
from generate_series(1, 100000) i;
-- Probe: 50K rows, 5% NULL keys
insert into spill_probe_null
select
    case when i % 20 = 0 then null else i end,
    'pval_' || i,
    repeat('Y', 100)
from generate_series(1, 50000) i;
analyze spill_build_null;
analyze spill_probe_null;
-- F1: INNER JOIN with NULLs (NULLs should not match)
set vector.hashjoin_spill_memory_mb = 0;
select count(*) as cnt, sum(length(b.pad)) as chk from spill_build_null b join spill_probe_null p on b.id = p.id;
  cnt  |   chk   
-------+---------
 45000 | 6750000
(1 row)

set vector.hashjoin_spill_memory_mb = 1;
select count(*) as cnt, sum(length(b.pad)) as chk from spill_build_null b join spill_probe_null p on b.id = p.id;
  cnt  |   chk   
-------+---------
 45000 | 6750000
(1 row)

-- F2: LEFT JOIN with NULLs
set vector.hashjoin_spill_memory_mb = 0;
select count(*) as cnt, count(b.id) as matched, sum(length(b.pad)) as chk from spill_probe_null p left join spill_build_null b on b.id = p.id;
  cnt  | matched |   chk   
-------+---------+---------
 50000 |   45000 | 6750000
(1 row)

set vector.hashjoin_spill_memory_mb = 1;
select count(*) as cnt, count(b.id) as matched, sum(length(b.pad)) as chk from spill_probe_null p left join spill_build_null b on b.id = p.id;
  cnt  | matched |   chk   
-------+---------+---------
 50000 |   45000 | 6750000
(1 row)

-- F3: FULL OUTER JOIN with NULLs
set vector.hashjoin_spill_memory_mb = 0;
select count(*) as cnt, sum(length(b.pad)) as chk from spill_build_null b full outer join spill_probe_null p on b.id = p.id;
  cnt   |   chk    
--------+----------
 105000 | 15000000
(1 row)

set vector.hashjoin_spill_memory_mb = 1;
select count(*) as cnt, sum(length(b.pad)) as chk from spill_build_null b full outer join spill_probe_null p on b.id = p.id;
  cnt   |   chk    
--------+----------
 105000 | 15000000
(1 row)

-- ============================================================================
-- G: Skewed data (triggers repartition)
-- ============================================================================
drop table if exists spill_build_skew, spill_probe_skew;
NOTICE:  table "spill_build_skew" does not exist, skipping
NOTICE:  table "spill_probe_skew" does not exist, skipping
create table spill_build_skew (
    id   int,
    val  text,
    pad  text
) with (appendonly=true, orientation=column) distributed by (id);
create table spill_probe_skew (
    id   int,
    val  text,
    pad  text
) with (appendonly=true, orientation=column) distributed by (id);
-- Build: 80% rows have id=1 (extreme skew to trigger repartition)
insert into spill_build_skew
select
    case when i <= 80000 then 1 else i - 80000 end,
    'bval_' || i,
    repeat('S', 150)
from generate_series(1, 100000) i;
insert into spill_probe_skew
select i, 'pval_' || i, repeat('T', 100)
from generate_series(1, 50000) i;
analyze spill_build_skew;
analyze spill_probe_skew;
-- G1: INNER JOIN with skewed data
set vector.hashjoin_spill_memory_mb = 0;
select count(*) as cnt, sum(length(b.pad)) as chk from spill_build_skew b join spill_probe_skew p on b.id = p.id;
  cnt   |   chk    
--------+----------
 100000 | 15000000
(1 row)

set vector.hashjoin_spill_memory_mb = 1;
select count(*) as cnt, sum(length(b.pad)) as chk from spill_build_skew b join spill_probe_skew p on b.id = p.id;
  cnt   |   chk    
--------+----------
 100000 | 15000000
(1 row)

-- G2: LEFT JOIN with skewed data
set vector.hashjoin_spill_memory_mb = 0;
select count(*) as cnt, sum(length(b.pad)) as chk from spill_probe_skew p left join spill_build_skew b on b.id = p.id;
  cnt   |   chk    
--------+----------
 130000 | 15000000
(1 row)

set vector.hashjoin_spill_memory_mb = 1;
select count(*) as cnt, sum(length(b.pad)) as chk from spill_probe_skew p left join spill_build_skew b on b.id = p.id;
  cnt   |   chk    
--------+----------
 130000 | 15000000
(1 row)

-- ============================================================================
-- Cleanup
-- ============================================================================
drop table if exists spill_build, spill_probe;
drop table if exists spill_build_null, spill_probe_null;
drop table if exists spill_build_skew, spill_probe_skew;
reset vector.enable_vectorization;
reset vector.hashjoin_spill_memory_mb;
